// Jest Snapshot v1, https://goo.gl/fbAQLP

exports[`CreateTrip placeholder matches snapshot 1`] = `
<DocumentFragment>
  <div
    data-testid="create-trip-mock"
  >
    CreateTrip
  </div>
</DocumentFragment>
`;
